[   00000000]]IIiiiiliiiggcgooppsubsys cpuee
[    0.00000] nnttaaiiiigg cgroup subsys cpu
[   00000000] Initializing cgroup subsys cpuacct
[    0.000000] Linux version 4.4.0-141-generic (buildd@lcy01-amd64-027) (gcc version 5.4.0 20160609 (Ubuntu 5.4.0-6ubuntu1~16.04.10) ) #167-Ubuntu SMP Wed Dec 5 10:38:08 UTC 2018 (Ubuntu 4.4.0-141.167-generic 4.4.162)
[    0.000000] KERNEL supported cpus:
[    0.000000]   Intel GenuineIntel
[    0.000000]   AMD AuthenticAMD
[    0.000000]   NSC Geode by NSC
[    0.000000]   Cyrix CyrixInstead
[    0.000000]   Centaur CentaurHauls
[    0.000000]   Transmeta GenuineTMx86
[    0.000000]   Transmeta TransmetaCPU
[    0.000000]   UMC UMC UMC UMC
[    0.000000] x86/fpu: xstate_offset[2]:  576, xstate_sizes[2]:  256
[    0.000000] x86/fpu: Supporting XSAVE feature 0x01: 'x87 floating point registers'
[    0.000000] x86/fpu: Supporting XSAVE feature 0x02: 'SSE registers'
[    0.000000] x86/fpu: Supporting XSAVE feature 0x04: 'AVX registers'
[    0.000000] x86/fpu: Enabled xstate features 0x7, context size is 832 bytes, using 'standard' format.
[    0.000000] e820: BIOS-provided physical RAM map:
[    0.000000] BIOS-e820: [mem 0x0000000000000000-0x000000000009fbff] usable
[    0.000000] BIOS-e820: [mem 0x000000000009fc00-0x000000000009ffff] reserved
[    0.000000] BIOS-e820: [mem 0x00000000000f0000-0x00000000000fffff] reserved
[    0.000000] BIOS-e820: [mem 0x0000000000100000-0x000000001ffeffff] usable
[    0.000000] BIOS-e820: [mem 0x000000001fff0000-0x000000001fffffff] ACPI data
[    0.000000] BIOS-e820: [mem 0x00000000fec00000-0x00000000fec00fff] reserved
[    0.000000] BIOS-e820: [mem 0x00000000fee00000-0x00000000fee00fff] reserved
[    0.000000] BIOS-e820: [mem 0x00000000fffc0000-0x00000000ffffffff] reserved
[    0.000000] NX (Execute Disable) protection: active
[    0.000000] SMBIOS 2.5 present.
[    0.000000] Hypervisor detected: KVM
[    0.000000] e820: last_pfn = 0x1fff0 max_arch_pfn = 0x1000000
[    0.000000] MTRR: Disabled
[    0.000000] x86/PAT: MTRRs disabled, skipping PAT initialization too.
[    0.000000] CPU MTRRs all blank - virtualized system.
[    0.000000] x86/PAT: Configuration [0-7]: WB  WT  UC- UC  WB  WT  UC- UC  
[    0.000000] found SMP MP-table at [mem 0x0009fff0-0x0009ffff] mapped at [c009fff0]
[    0.000000] Scanning 1 areas for low memory corruption
[    0.000000] RAMDISK: [mem 0x1e974000-0x1f782fff]
[    0.000000] ACPI: Early table checksum verification disabled
[    0.000000] ACPI: RSDP 0x00000000000E0000 000024 (v02 VBOX  )
[    0.000000] ACPI: XSDT 0x000000001FFF0030 00003C (v01 VBOX   VBOXXSDT 00000001 ASL  00000061)
[    0.000000] ACPI: FACP 0x000000001FFF00F0 0000F4 (v04 VBOX   VBOXFACP 00000001 ASL  00000061)
[    0.000000] ACPI: DSDT 0x000000001FFF0470 0021FF (v02 VBOX   VBOXBIOS 00000002 INTL 20181003)
[    0.000000] ACPI: FACS 0x000000001FFF0200 000040
[    0.000000] ACPI: FACS 0x000000001FFF0200 000040
[    0.000000] ACPI: APIC 0x000000001FFF0240 000054 (v02 VBOX   VBOXAPIC 00000001 ASL  00000061)
[    0.000000] ACPI: SSDT 0x000000001FFF02A0 0001CC (v01 VBOX   VBOXCPUT 00000002 INTL 20181003)
[    0.000000] 0MB HIGHMEM available.
[    0.000000] 511MB LOWMEM available.
[    0.000000]   mapped low ram: 0 - 1fff0000
[    0.000000]   low ram: 0 - 1fff0000
[    0.000000] kvm-clock: Using msrs 4b564d01 and 4b564d00
[    0.000000] kvm-clock: cpu 0, msr 0:1ffef001, primary cpu clock
[    0.000000] kvm-clock: using sched offset of 3543518316 cycles
[    0.000000] clocksource: kvm-clock: mask: 0xffffffffffffffff max_cycles: 0x1cd42e4dffb, max_idle_ns: 881590591483 ns
[    0.000000] Zone ranges:
[    0.000000]   DMA      [mem 0x0000000000001000-0x0000000000ffffff]
[    0.000000]   Normal   [mem 0x0000000001000000-0x000000001ffeffff]
[    0.000000]   HighMem  empty
[    0.000000] Movable zone start for each node
[    0.000000] Early memory node ranges
[    0.000000]   node   0: [mem 0x0000000000001000-0x000000000009efff]
[    0.000000]   node   0: [mem 0x0000000000100000-0x000000001ffeffff]
[    0.000000] Initmem setup node 0 [mem 0x0000000000001000-0x000000001ffeffff]
[    0.000000] Using APIC driver default
[    0.000000] ACPI: PM-Timer IO Port: 0x4008
[    0.000000] IOAPIC[0]: apic_id 1, version 32, address 0xfec00000, GSI 0-23
[    0.000000] ACPI: INT_SRC_OVR (bus 0 bus_irq 0 global_irq 2 dfl dfl)
[    0.000000] ACPI: INT_SRC_OVR (bus 0 bus_irq 9 global_irq 9 low level)
[    0.000000] Using ACPI (MADT) for SMP configuration information
[    0.000000] smpboot: Allowing 1 CPUs, 0 hotplug CPUs
[    0.000000] PM: Registered nosave memory: [mem 0x00000000-0x00000fff]
[    0.000000] PM: Registered nosave memory: [mem 0x0009f000-0x0009ffff]
[    0.000000] PM: Registered nosave memory: [mem 0x000a0000-0x000effff]
[    0.000000] PM: Registered nosave memory: [mem 0x000f0000-0x000fffff]
[    0.000000] e820: [mem 0x20000000-0xfebfffff] available for PCI devices
[    0.000000] Booting paravirtualized kernel on KVM
[    0.000000] clocksource: refined-jiffies: mask: 0xffffffff max_cycles: 0xffffffff, max_idle_ns: 7645519600211568 ns
[    0.000000] setup_percpu: NR_CPUS:8 nr_cpumask_bits:8 nr_cpu_ids:1 nr_node_ids:1
[    0.000000] PERCPU: Embedded 19 pages/cpu @dfac1000 s47436 r0 d30388 u77824
[    0.000000] PV qspinlock hash table entries: 512 (order: 0, 4096 bytes)
[    0.000000] Built 1 zonelists in Zone order, mobility grouping on.  Total pages: 129678
[    0.000000] Kernel command line: BOOT_IMAGE=/boot/vmlinuz-4.4.0-141-generic root=LABEL=cloudimg-rootfs ro console=tty1 console=ttyS0
[    0.000000] PID hash table entries: 2048 (order: 1, 8192 bytes)
[    0.000000] Dentry cache hash table entries: 65536 (order: 6, 262144 bytes)
[    0.000000] Inode-cache hash table entries: 32768 (order: 5, 131072 bytes)
[    0.000000] Initializing CPU#0
[    0.000000] Initializing HighMem for node 0 (00000000:00000000)
[    0.000000] Memory: 489760K/523832K available (8052K kernel code, 778K rwdata, 3180K rodata, 952K init, 800K bss, 34072K reserved, 0K cma-reserved, 0K highmem)
[    0.000000] virtual kernel memory layout:
[    0.000000]     fixmap  : 0xfff15000 - 0xfffff000   ( 936 kB)
[    0.000000]     pkmap   : 0xffc00000 - 0xffe00000   (2048 kB)
[    0.000000]     vmalloc : 0xe07f0000 - 0xffbfe000   ( 500 MB)
[    0.000000]     lowmem  : 0xc0000000 - 0xdfff0000   ( 511 MB)
[    0.000000]       .init : 0xc1bbe000 - 0xc1cac000   ( 952 kB)
[    0.000000]       .data : 0xc17dd3c4 - 0xc1bbc9c0   (3965 kB)
[    0.000000]       .text : 0xc1000000 - 0xc17dd3c4   (8052 kB)
[    0.000000] Checking if this processor honours the WP bit even in supervisor mode...Ok.
[    0.000000] SLUB: HWalign=64, Order=0-3, MinObjects=0, CPUs=1, Nodes=1
[    0.000000] Hierarchical RCU implementation.
[    0.000000] 	Build-time adjustment of leaf fanout to 32.
[    0.000000] 	RCU restricting CPUs from NR_CPUS=8 to nr_cpu_ids=1.
[    0.000000] RCU: Adjusting geometry for rcu_fanout_leaf=32, nr_cpu_ids=1
[    0.000000] NR_IRQS:2304 nr_irqs:256 16
[    0.000000] Console: colour VGA+ 80x25
[    0.000000] console [tty1] enabled
[    0.000000] console [ttyS0] enabled
[    0.000000] allocated 524288 bytes of page_ext
[    0.000000] tsc: Detected 2399.998 MHz processor
[    0.709157] Calibrating delay loop (skipped) preset value.. 4799.99 BogoMIPS (lpj=9599992)
[    0.710678] pid_max: default: 32768 minimum: 301
[    0.711539] ACPI: Core revision 20150930
[    0.713320] ACPI: 2 ACPI AML tables successfully acquired and loaded
[    0.714534] Security Framework initialized
[    0.715300] Yama: becoming mindful.
[    0.715976] AppArmor: AppArmor initialized
[    0.716769] Mount-cache hash table entries: 1024 (order: 0, 4096 bytes)
[    0.717904] Mountpoint-cache hash table entries: 1024 (order: 0, 4096 bytes)
[    0.719177] Initializing cgroup subsys io
[    0.719967] Initializing cgroup subsys memory
[    0.720745] Initializing cgroup subsys devices
[    0.721576] Initializing cgroup subsys freezer
[    0.722412] Initializing cgroup subsys net_cls
[    0.723269] Initializing cgroup subsys perf_event
[    0.724112] Initializing cgroup subsys net_prio
[    0.724911] Initializing cgroup subsys hugetlb
[    0.725739] Initializing cgroup subsys pids
[    0.729921] mce: CPU supports 0 MCE banks
[    0.730724] process: using mwait in idle threads
[    0.731589] Last level iTLB entries: 4KB 64, 2MB 8, 4MB 8
[    0.732538] Last level dTLB entries: 4KB 64, 2MB 0, 4MB 0, 1GB 4
[    0.733565] Spectre V2 : Mitigation: Full generic retpoline
[    0.734513] Spectre V2 : Spectre v2 mitigation: Speculation control IBPB not-supported IBRS not-supported
[    0.735917] Spectre V2 : Spectre v2 / SpectreRSB mitigation: Filling RSB on context switch
[    0.737742] Speculative Store Bypass: Vulnerable
[    0.759001] Freeing SMP alternatives memory: 32K
[    0.801089] ftrace: allocating 31566 entries in 62 pages
[    0.864771] smpboot: APIC(0) Converting physical 0 to logical package 0
[    0.872012] smpboot: Max logical packages: 1
[    0.872902] Enabling APIC mode:  Flat.  Using 1 I/O APICs
[    0.875039] ..TIMER: vector=0x30 apic1=0 pin1=2 apic2=-1 pin2=-1
[    0.980400] smpboot: CPU0: Intel(R) Core(TM) i5-6200U CPU @ 2.30GHz (family: 0x6, model: 0x4e, stepping: 0x3)
[    1.493006] Performance Events: unsupported p6 CPU model 78 no PMU driver, software events only.
[    1.564280] KVM setup paravirtual spinlock
[    1.566615] x86: Booted up 1 node, 1 CPUs
[    1.567591] smpboot: Total of 1 processors activated (4799.99 BogoMIPS)
[    1.568967] devtmpfs: initialized
[    1.569840] evm: security.selinux
[    1.570519] evm: security.SMACK64
[    1.571218] evm: security.SMACK64EXEC
[    1.571930] evm: security.SMACK64TRANSMUTE
[    1.572736] evm: security.SMACK64MMAP
[    1.573452] evm: security.ima
[    1.574084] evm: security.capability
[    1.574926] clocksource: jiffies: mask: 0xffffffff max_cycles: 0xffffffff, max_idle_ns: 7645041785100000 ns
[    1.576564] futex hash table entries: 256 (order: 2, 16384 bytes)
[    1.577701] pinctrl core: initialized pinctrl subsystem
[    1.578730] RTC time: 14:53:10, date: 01/06/19
[    1.579699] NET: Registered protocol family 16
[    1.580695] EISA bus registered
[    1.581404] cpuidle: using governor ladder
[    1.582173] cpuidle: using governor menu
[    1.582914] PCCT header not found.
[    1.583680] ACPI: bus type PCI registered
[    1.584446] acpiphp: ACPI Hot Plug PCI Controller Driver version: 0.5
[    1.585758] PCI : PCI BIOS area is rw and x. Use pci=nobios if you want it NX.
[    1.587120] PCI: PCI BIOS revision 2.10 entry at 0xfda26, last bus=0
[    1.588314] PCI: Using configuration type 1 for base access
[    1.590499] ACPI: Added _OSI(Module Device)
[    1.591301] ACPI: Added _OSI(Processor Device)
[    1.592107] ACPI: Added _OSI(3.0 _SCP Extensions)
[    1.592973] ACPI: Added _OSI(Processor Aggregator Device)
[    1.594495] ACPI: Executed 1 blocks of module-level executable AML code
[    1.597449] ACPI: Interpreter enabled
[    1.598182] ACPI: (supports S0 S5)
[    1.598863] ACPI: Using IOAPIC for interrupt routing
[    1.599864] PCI: Using host bridge windows from ACPI; if necessary, use "pci=nocrs" and report a bug
[    1.604556] ACPI: PCI Root Bridge [PCI0] (domain 0000 [bus 00-ff])
[    1.614648] acpi PNP0A03:00: _OSC: OS supports [ASPM ClockPM Segments MSI]
[    1.633727] acpi PNP0A03:00: _OSC: not requesting OS control; OS requires [ExtendedConfig ASPM ClockPM MSI]
[    1.635398] acpi PNP0A03:00: fail to add MMCONFIG information, can't access extended PCI configuration space under this bridge.
[    1.637516] PCI host bridge to bus 0000:00
[    1.638288] pci_bus 0000:00: root bus resource [io  0x0000-0x0cf7 window]
[    1.639377] pci_bus 0000:00: root bus resource [io  0x0d00-0xffff window]
[    1.640493] pci_bus 0000:00: root bus resource [mem 0x000a0000-0x000bffff window]
[    1.641934] pci_bus 0000:00: root bus resource [mem 0x20000000-0xfdffffff window]
[    1.643341] pci_bus 0000:00: root bus resource [bus 00-ff]
[    1.645739] pci 0000:00:01.1: legacy IDE quirk: reg 0x10: [io  0x01f0-0x01f7]
[    1.646900] pci 0000:00:01.1: legacy IDE quirk: reg 0x14: [io  0x03f6]
[    1.648003] pci 0000:00:01.1: legacy IDE quirk: reg 0x18: [io  0x0170-0x0177]
[    1.649147] pci 0000:00:01.1: legacy IDE quirk: reg 0x1c: [io  0x0376]
[    1.660133] pci 0000:00:07.0: quirk: [io  0x4000-0x403f] claimed by PIIX4 ACPI
[    1.693991] pci 0000:00:07.0: quirk: [io  0x4100-0x410f] claimed by PIIX4 SMB
[    1.700719] ACPI: PCI Interrupt Link [LNKA] (IRQs 5 9 10 *11)
[    1.714220] ACPI: PCI Interrupt Link [LNKB] (IRQs 5 9 *10 11)
[    1.764031] ACPI: PCI Interrupt Link [LNKC] (IRQs 5 *9 10 11)
[    1.883436] ACPI: PCI Interrupt Link [LNKD] (IRQs 5 9 10 *11)
[    1.885124] ACPI: Enabled 2 GPEs in block 00 to 07
[    1.893434] vgaarb: setting as boot device: PCI:0000:00:02.0
[    1.894502] vgaarb: device added: PCI:0000:00:02.0,decodes=io+mem,owns=io+mem,locks=none
[    1.896533] vgaarb: loaded
[    1.897205] vgaarb: bridge control possible 0000:00:02.0
[    1.898397] SCSI subsystem initialized
[    1.899187] ACPI: bus type USB registered
[    1.899936] usbcore: registered new interface driver usbfs
[    1.900856] usbcore: registered new interface driver hub
[    1.901800] usbcore: registered new device driver usb
[    1.902857] PCI: Using ACPI for IRQ routing
[    1.903939] NetLabel: Initializing
[    1.904619] NetLabel:  domain hash size = 128
[    1.905487] NetLabel:  protocols = UNLABELED CIPSOv4
[    1.906379] NetLabel:  unlabeled traffic allowed by default
[    1.907564] amd_nb: Cannot enumerate AMD northbridges
[    1.908460] clocksource: Switched to clocksource kvm-clock
[    1.917173] AppArmor: AppArmor Filesystem Enabled
[    1.923306] pnp: PnP ACPI init
[    1.927242] pnp: PnP ACPI: found 3 devices
[    1.943282] PnPBIOS: Disabled by ACPI PNP
[    1.979413] clocksource: acpi_pm: mask: 0xffffff max_cycles: 0xffffff, max_idle_ns: 2085701024 ns
[    2.174206] NET: Registered protocol family 2
[    2.175276] TCP established hash table entries: 4096 (order: 2, 16384 bytes)
[    2.176615] TCP bind hash table entries: 4096 (order: 3, 32768 bytes)
[    2.177884] TCP: Hash tables configured (established 4096 bind 4096)
[    2.179118] UDP hash table entries: 256 (order: 1, 8192 bytes)
[    2.180118] UDP-Lite hash table entries: 256 (order: 1, 8192 bytes)
[    2.181207] NET: Registered protocol family 1
[    2.312988] pci 0000:00:00.0: Limiting direct PCI/PCI transfers
[    2.393701] pci 0000:00:01.0: Activating ISA DMA hang workarounds
[    2.395017] Unpacking initramfs...
[    2.631763] Freiing initrd memory: 14396K
[    2.933151] platform rtc_cmos: registered platform RTC device (no PNP device found)
[    2.964948] Scanning for low memory corruption every 60 seconds
[    2.966350] audit: initializing netlink subsys (disabled)
[    2.967410] audit: type=2000 audit(1546786394.985:1): initialized
[    2.968773] Initialise system trusted keyring
[    2.969770] HugeTLB registered 2 MB page size, pre-allocated 0 pages
[    2.972214] zbud: loaded
[    2.973052] VFS: Disk quotas dquot_6.6.0
[    2.973914] VFS: Dquot-cache hash table entries: 1024 (order 0, 4096 bytes)
[    2.975336] squashfs: version 4.0 (2009/01/31) Phillip Lougher
[    2.976672] fuse init (API version 7.23)
[    2.977699] Key type big_key registered
[    2.978533] Allocating IMA MOK and blacklist keyrings.
[    2.979732] Key type asymmetric registered
[    2.980724] Asymmetric key parser 'x509' registered
[    3.003717] bounce: pool size: 64 pages
[    3.005740] Block layer SCSI generic (bsg) driver version 0.4 loaded (major 249)
[    3.007505] io scheduler noop registered
[    3.008466] io scheduler deadline registered (default)
[    3.253068] io scheduler cfq registered
[    3.577669] pci_hotplug: PCI Hot Plug PCI Core version: 0.5
[    4.033074] tsc: Refined TSC clocksource calibration: 2399.918 MHz
[    4.034080] clocksource: tsc: mask: 0xffffffffffffffff max_cycles: 0x2297e9bffa8, max_idle_ns: 440795209785 ns
[    4.035845] pciehp: PCI Express Hot Plug Controller Driver version: 0.4
[    4.037193] ACPI: AC Adapter [AC] (on-line)
[    4.038146] input: Power Button as /devices/LNXSYSTM:00/LNXPWRBN:00/input/input0
[    4.039644] ACPI: Power Button [PWRF]
[    4.040485] input: Sleep Button as /devices/LNXSYSTM:00/LNXSLPBN:00/input/input1
[    4.042035] ACPI: Sleep Button [SLPF]
[    4.043535] ACPI: Battery Slot [BAT0] (battery present)
[    4.044634] GHES: HEST is not enabled!
[    4.045565] isapnp: Scanning for PnP cards...
[    4.058749] Serial: 8250/16550 driver, 32 ports, IRQ sharing enabled
[    4.148982] 00:02: ttyS0 at I/O 0x3f8 (irq = 4, base_baud = 115200) is a 16550A
[    4.829664] isapnp: No Plug & Play device found
[    4.831656] Linux agpgart interface v0.103
[    4.833469] loop: module loaded
[    4.834663] scsi host0: ata_piix
[    4.835409] scsi host1: ata_piix
[    4.836120] ata1: PATA max UDMA/33 cmd 0x1f0 ctl 0x3f6 bmdma 0xd000 irq 14
[    4.837392] ata2: PATA max UDMA/33 cmd 0x170 ctl 0x376 bmdma 0xd008 irq 15
[    4.839064] libphy: Fixed MDIO Bus: probed
[    4.839868] tun: Universal TUN/TAP device driver, 1.6
[    4.840891] tun: (C) 1999-2004 Max Krasnyansky <maxk@qualcomm.com>
[    4.842017] PPP generic driver version 2.4.2
[    4.843028] ehci_hcd: USB 2.0 'Enhanced' Host Controller (EHCI) Driver
[    4.844235] ehci-pci: EHCI PCI platform driver
[    4.845121] ehci-platform: EHCI generic platform driver
[    4.846084] ohci_hcd: USB 1.1 'Open' Host Controller (OHCI) Driver
[    4.847210] ohci-pci: OHCI PCI platform driver
[    4.848067] ohci-platform: OHCI generic platform driver
[    4.849048] uhci_hcd: USB Universal Host Controller Interface driver
[    4.850203] i8042: PNP: PS/2 Controller [PNP0303:PS2K,PNP0f03:PS2M] at 0x60,0x64 irq 1,12
[    4.852240] serio: i8042 KBD port at 0x60,0x64 irq 1
[    4.853221] serio: i8042 AUX port at 0x60,0x64 irq 12
[    4.854285] mousedev: PS/2 mouse device common for all mice
[    4.855527] input: AT Translated Set 2 keyboard as /devices/platform/i8042/serio0/input/input2
[    4.857482] rtc_cmos rtc_cmos: rtc core: registered rtc_cmos as rtc0
[    4.858655] rtc_cmos rtc_cmos: alarms up to one day, 114 bytes nvram
[    4.859776] i2c /dev entries driver
[    4.860577] device-mapper: uevent: version 1.0.3
[    4.861534] device-mapper: ioctl: 4.34.0-ioctl (2015-10-28) initialised: dm-devel@redhat.com
[    4.863194] platform eisa.0: Probing EISA bus 0
[    4.864097] platform eisa.0: EISA: Cannot allocate resource for mainboard
[    4.883594] platform eisa.0: Cannot allocate resource for EISA slot 1
[    4.884724] platform eisa.0: Cannot allocate resource for EISA slot 2
[    4.885884] platform eisa.0: Cannot allocate resource for EISA slot 3
[    4.887026] platform eisa.0: Cannot allocate resource for EISA slot 4
[    4.888171] platform eisa.0: Cannot allocate resource for EISA slot 5
[    4.889323] platform eisa.0: Cannot allocate resource for EISA slot 6
[    4.890452] platform eisa.0: Cannot allocate resource for EISA slot 7
[    4.891576] platform eisa.0: Cannot allocate resource for EISA slot 8
[    4.892749] platform eisa.0: EISA: Detected 0 cards
[    4.893677] cpufreq-nforce2: No nForce2 chipset.
[    4.894598] ledtrig-cpu: registered to indicate activity on CPUs
[    4.895884] NET: Registered protocol family 10
[    4.896919] NET: Registered protocol family 17
[    4.897920] Key type dns_resolver registered
[    4.898910] Using IPI No-Shortcut mode
[    4.899773] registered taskstats version 1
[    4.900633] Loading compiled-in X.509 certificates
[    4.903631] Loaded X.509 cert 'Build time autogenerated kernel key: 8ee7231a1e42e4b4a17d0e4b95c66ffe15d3b32e'
[    4.905498] zswap: loaded using pool lzo/zbud
[    4.907621] Key type trusted registered
[    4.910668] Key type encrypted registered
[    4.911492] AppArmor: AppArmor sha1 policy hashing enabled
[    4.912509] ima: No TPM chip found, activating TPM-bypass!
[    4.913567] ima: Allocated hash algorithm: sha1
[    4.914484] evm: HMAC attrs: 0x1
[    4.915398]   Magic number: 3:243:889
[    4.916206] rtc_cmos rtc_cmos: setting system clock to 2019-01-06 14:53:13 UTC (1546786393)
[    4.917955] BIOS EDD facility v0.16 2004-Jun-25, 0 devices found
[    4.919025] EDD information not available.
[    4.993505] Freeing unused kernel memory: 952K
[    4.996776] Write protecting the kernel text: 8056k
[    4.999979] Write protecting the kernel read-only data: 3184k
[    5.003346] NX-protecting the kernel data: 6280k
Loading, please wait...
starting version 229
[    5.034257] random: udevadm: uninitialized urandom read (16 bytes read, 2 bits of entropy available)
[    5.037791] random: systemd-udevd: uninitialized urandom read (16 bytes read, 2 bits of entropy available)
[    5.040260] random: systemd-udevd: uninitialized urandom read (16 bytes read, 2 bits of entropy available)
[    5.042381] random: systemd-udevd: uninitialized urandom read (16 bytes read, 2 bits of entropy available)
[    5.063717] random: udevadm: uninitialized urandom read (16 bytes read, 2 bits of entropy available)
[    5.104280] random: udevadm: uninitialized urandom read (16 bytes read, 2 bits of entropy available)
[    5.106305] random: udevadm: uninitialized urandom read (16 bytes read, 2 bits of entropy available)
[    5.117714] random: udevadm: uninitialized urandom read (16 bytes read, 2 bits of entropy available)
[    5.119754] random: udevadm: uninitialized urandom read (16 bytes read, 2 bits of entropy available)
[    5.121597] random: udevadm: uninitialized urandom read (16 bytes read, 2 bits of entropy available)
[    5.179292] e1000: Intel(R) PRO/1000 Network Driver - version 7.3.21-k8-NAPI
[    5.413019] e1000: Copyright (c) 1999-2006 Intel Corporation.
[    5.512200] Fusion MPT base driver 3.04.20
[    5.513137] Copyright (c) 1999-2008 LSI Corporation
[    5.568394] Fusion MPT SPI Host driver 3.04.20
[    5.581594] mptbase: ioc0: Initiating bringup
[    5.645228] ioc0: LSI53C1030 A0: Capabilities={Initiator}
[    5.746843] input: ImExPS/2 Generic Explorer Mouse as /devices/platform/i8042/serio1/input/input4
[    5.812809] scsi host2: ioc0: LSI53C1030 A0, FwRev=00000000h, Ports=1, MaxQ=256, IRQ=20
[    5.931706] scsi 2:0:0:0: Direct-Access     VBOX     HARDDISK         1.0  PQ: 0 ANSI: 5
[    5.991947] scsi target2:0:0: Beginning Domain Validation
[    5.994049] scsi target2:0:0: Domain Validation skipping write tests
[    5.995229] scsi target2:0:0: Ending Domain Validation
[    5.996241] scsi target2:0:0: asynchronous
[    5.997612] scsi 2:0:1:0: Direct-Access     VBOX     HARDDISK         1.0  PQ: 0 ANSI: 5
[    5.999210] scsi target2:0:1: Beginning Domain Validation
[    6.028967] scsi target2:0:1: Domain Validation skipping write tests
[    6.030090] scsi target2:0:1: Ending Domain Validation
[    6.039000] scsi target2:0:1: asynchronous
[    6.175886] sd 2:0:0:0: [sda] 20971520 512-byte logical blocks: (10.7 GB/10.0 GiB)
[    6.177863] sd 2:0:0:0: Attached scsi generic sg0 type 0
[    6.179161] sd 2:0:1:0: [sdb] 20480 512-byte logical blocks: (10.5 MB/10.0 MiB)
[    6.180742] sd 2:0:1:0: Attached scsi generic sg1 type 0
[    6.181875] sd 2:0:1:0: [sdb] Write Protect is off
[    6.182878] sd 2:0:0:0: [sda] Write Protect is off
[    6.183986] sd 2:0:1:0: [sdb] Incomplete mode parameter data
[    6.213146] sd 2:0:1:0: [sdb] Assuming drive cache: write through
[    6.237733] sd 2:0:0:0: [sda] Incomplete mode parameter data
[    6.372952] sd 2:0:0:0: [sda] Assuming drive cache: write through
[    6.653102]  sda: sda1
[    6.655110] sd 2:0:0:0: [sda] Attached SCSI disk
[    6.656612] sd 2:0:1:0: [sdb] Attached SCSI disk
[    6.670598] e1000 0000:00:03.0 eth0: (PCI:33MHz:32-bit) 02:aa:72:2e:71:d2
[    6.671959] e1000 0000:00:03.0 eth0: Intel(R) PRO/1000 Network Connection
[    7.016256] e1000 0000:00:08.0 eth1: (PCI:33MHz:32-bit) 08:00:27:3b:7c:5c
[    7.033646] e1000 0000:00:08.0 eth1: Intel(R) PRO/1000 Network Connection
[    7.035703] e1000 0000:00:08.0 enp0s8: renamed from eth1
[    7.038123] e1000 0000:00:03.0 enp0s3: renamed from eth0
Begin: Loading e[    8.326112] md: linear personality registered for level -1
ssential drivers ... [    8.359679] md: multipath personality registered for level -4
[    8.378871] md: raid0 personality registered for level 0
[    8.389486] md: raid1 personality registered for level 1
[    8.472433] raid6: mmxx1    gen()  6090 MB/s
[    8.582447] raid6: mmxx2    gen()  6235 MB/s
[    8.672484] raid6: sse1x1   gen()  4641 MB/s
[    8.752425] raid6: sse1x2   gen()  6237 MB/s
[    8.832419] raid6: sse2x1   gen() 10931 MB/s
[    8.912368] raid6: sse2x1   xor()  7756 MB/s
[    8.992363] raid6: sse2x2   gen() 13073 MB/s
[    9.072358] raid6: sse2x2   xor()  9053 MB/s
[    9.152359] raid6: avx2x1   gen() 21401 MB/s
[    9.232353] raid6: avx2x2   gen() 24117 MB/s
[    9.233239] raid6: using algorithm avx2x2 gen() 24117 MB/s
[    9.234270] raid6: using avx2x1 recovery algorithm
[    9.238544] xor: automatically using best checksumming function:
[    9.316952]    avx       : 52712.000 MB/sec
[    9.320786] async_tx: api initialized (async)
[    9.339754] md: raid6 personality registered for level 6
[    9.340842] md: raid5 personality registered for level 5
[    9.341810] md: raid4 personality registered for level 4
[    9.349630] md: raid10 personality registered for level 10
done.
Begin: Running /scripts/init-premount ... done.
Begin: Mounting root file system ... Begin: Running /scripts/local-top ... done.
Begin: Running /scripts/local-premount ... [    9.392836] Btrfs loaded
Scanning for Btrfs filesystems
done.
Warning: fsck not present, so skipping root file system
[    9.469145] EXT4-fs (sda1): INFO: recovery required on readonly filesystem
[    9.470399] EXT4-fs (sda1): write access will be enabled during recovery
[    9.739243] EXT4-fs (sda1): orphan cleanup on readonly fs
[    9.782856] EXT4-fs (sda1): 1 orphan inode deleted
[    9.783798] EXT4-fs (sda1): recovery complete
[    9.785395] EXT4-fs (sda1): mounted filesystem with ordered data mode. Opts: (null)
done.
Begin: Running /scripts/local-bottom ... done.
Begin: Running /scripts/init-bottom ... done.
[   10.462070] random: nonblocking pool is initialized
[   10.552942] systemd[1]: systemd 229 running in system mode. (+PAM +AUDIT +SELINUX +IMA +APPARMOR +SMACK +SYSVINIT +UTMP +LIBCRYPTSETUP +GCRYPT +GNUTLS +ACL +XZ -LZ4 +SECCOMP +BLKID +ELFUTILS +KMOD -IDN)
[   10.584590] systemd[1]: Detected virtualization oracle.
[   10.585593] systemd[1]: Detected architecture x86.

Welcome to [1mUbuntu 16.04.5 LTS[0m!

[   10.687539] systemd[1]: Set hostname to <kouosl>.
[   12.147176] systemd[1]: Started Trigger resolvconf update for networkd DNS.
[[0;32m  OK  [0m] Started Trigger resolvconf update for networkd DNS.
[   12.524636] systemd[1]: Started Forward Password Requests to Wall Directory Watch.
[[0;32m  OK  [0m] Started Forward Password Requests to Wall Directory Watch.
[   12.527598] systemd[1]: Listening on Journal Socket (/dev/log).
[[0;32m  OK  [0m] Listening on Journal Socket (/dev/log).
[   12.530055] systemd[1]: Set up automount Arbitrary Executable File Formats File System Automount Point.
[[0;32m  OK  [0m] Set up automount Arbitrary Executab...ats File System Automount Point.
[   12.533413] systemd[1]: Listening on udev Control Socket.
[[0;32m  OK  [0m] Listening on udev Control Socket.
[   12.535934] systemd[1]: Created slice System Slice.
[[0;32m  OK  [0m] Created slice System Slice.
[   12.538269] systemd[1]: Created slice system-serial\x2dgetty.slice.
[[0;32m  OK  [0m] Created slice system-serial\x2dgetty.slice.
[   12.540783] systemd[1]: Listening on Journal Audit Socket.
[[0;32m  OK  [0m] Listening on Journal Audit Socket.
[   12.543058] systemd[1]: Listening on Syslog Socket.
[[0;32m  OK  [0m] Listening on Syslog Socket.
[   12.545164] systemd[1]: Reached target User and Group Name Lookups.
[[0;32m  OK  [0m] Reached target User and Group Name Lookups.
[   12.547810] systemd[1]: Created slice User and Session Slice.
[[0;32m  OK  [0m] Created slice User and Session Slice.
[   12.550122] systemd[1]: Listening on /dev/initctl Compatibility Named Pipe.
[[0;32m  OK  [0m] Listening on /dev/initctl Compatibility Named Pipe.
[   12.552769] systemd[1]: Listening on LVM2 poll daemon socket.
[[0;32m  OK  [0m] Listening on LVM2 poll daemon socket.
[   12.555115] systemd[1]: Reached target Encrypted Volumes.
[[0;32m  OK  [0m] Reached target Encrypted Volumes.
[   12.557378] systemd[1]: Listening on Journal Socket.
[[0;32m  OK  [0m] Listening on Journal Socket.
[   12.559948] systemd[1]: Mounting POSIX Message Queue File System...
         Mounting POSIX Message Queue File System...
[   12.562812] systemd[1]: Starting Nameserver information manager...
         Starting Nameserver information manager...
[   12.567273] systemd[1]: Mounting Huge Pages File System...
         Mounting Huge Pages File System...
[   12.570442] systemd[1]: Starting Remount Root and Kernel File Systems...
         Starting Remount Root and Kernel File Systems...
[   12.690435] systemd[1]: Starting Load Kernel Modules...
         Starting Load Kernel Modules...
[   12.715746] systemd[1]: Starting Uncomplicated firewall...
         Starting Uncomplicated firewall...
[   12.721126] systemd[1]: Starting Create list of required static device nodes for the current kernel...
         Starting Create list of required st... nodes for the current kernel...
[   12.729180] systemd[1]: Mounting Debug File System...
         Mounting Debug File System...
[   12.740828] systemd[1]: Starting Set console keymap...
         Starting Set console keymap...
[   12.743149] systemd[1]: Reached target Slices.
[[0;32m  OK  [0m] Reached target Slices.
[   12.749877] systemd[1]: Reached target System Time Synchronized.
[[0;32m  OK  [0m] Reached target System Time Synchronized.
[   12.764344] systemd[1]: Starting Journal Service...
         Starting Journal Service...
[   12.766220] systemd[1]: Listening on LVM2 metadata daemon socket.
[[0;32m  OK  [0m] Listening on LVM2 metadata daemon socket.
[   12.769493] systemd[1]: Reached target Swap.
[[0;32m  OK  [0m] Reached target Swap.
[   12.773363] EXT4-fs (sda1): re-mounted. Opts: (null)
[   12.774681] systemd[1]: Listening on udev Kernel Socket.
[[0;32m  OK  [0m] Listening on udev Kernel Socket.
[   12.780786] systemd[1]: Listening on Device-mapper event daemon FIFOs.
[[0;32m  OK  [0m] Listening on Device-mapper event daemon FIFOs.
[   12.948466] systemd[1]: Starting Monitoring of LVM2 mirrors, snapshots etc. using dmeventd or progress polling...
         Starting Monitoring of LVM2 mirrors... dmeventd or progress polling...
[   12.957309] systemd[1]: Mounted Huge Pages File System.
[[0;32m  OK  [0m] Mounted Huge Pages File System.
[   13.511382] systemd[1]: Mounted Debug File System.
[[0;32m  OK  [0m] Mounted Debug File System.
[   13.794640] systemd[1]: Mounted POSIX Message Queue File System.
[[0;32m  OK  [0m] Mounted POSIX Message Queue File System.
[   13.798322] systemd[1]: Started Remount Root and Kernel File Systems.
[[0;32m  OK  [0m] Started Remount Root and Kernel File Systems.
[   13.811869] systemd[1]: Started Uncomplicated firewall.
[[0;32m  OK  [0m] Started Uncomplicated firewall.
[   13.815095] systemd[1]: Started Create list of required static device nodes for the current kernel.
[[0;32m  OK  [0[   13.859910] Loading iSCSI transport class v2.0-870.
m] Started Create list of required sta...ce nodes for the current kernel.
[   13.904759] systemd[1]: Started Nameserver information manager.
[[0;32m  OK  [0m] Started Nameserver information manager.
[   13.987712] systemd[1]: Starting Create Static Device Nodes in /dev...
         Starting Create Static Device Nodes in /dev...
[   14.041498] iscsi: registered transport (tcp)
[   14.077771] systemd[1]: Starting udev Coldplug all Devices...
         Starting udev Coldplug all Devices...
[   14.097833] systemd[1]: Starting Load/Save Random Seed...
         Starting Load/Save Random Seed...
[   14.146298] systemd[1]: Started Set console keymap.
[[0;32m  OK  [0m] Started Set console keymap.
[   14.205205] systemd[1]: Started Load/Save Random Seed.
[[0;32m  OK  [0m] Started Load/Save Random Seed.
[   14.215090] systemd[1]: Started Journal Service.
[[0;32m  OK  [0m] Started Journal Service.
         Starting Flush Journal to Persistent Storage...
[[0;32m  OK  [0m] Started udev Coldplug all Devices.
[   14.353412] systemd-journald[397]: Received request to flush runtime journal from PID 1
[[0;32m  OK  [0m] Started Flush Journal to Persistent Storage.
[[0;32m  OK  [0m] Started LVM2 metadata daemon.
[   14.403957] iscsi: registered transport (iser)
[[0;32m  OK  [0m] Started Load Kernel Modules.
         Starting Apply Kernel Variables...
         Mounting FUSE Control File System...
[[0;32m  OK  [0m] Mounted FUSE Control File System.
[[0;32m  OK  [0m] Started Apply Kernel Variables.
[[0;32m  OK  [0m] Started Create Static Device Nodes in /dev.
         Starting udev Kernel Device Manager...
[[0;32m  OK  [0m] Started Monitoring of LVM2 mirrors,...ng dmeventd or progress polling.
[[0;32m  OK  [0m] Reached target Local File Systems (Pre).
[[0;32m  OK  [0m] Reached target Local File Systems.
         Starting Set console font and keymap...
         Starting LSB: AppArmor initialization...
         Starting Initial cloud-init job (pre-networking)...
         Starting Tell Plymouth To Write Out Runtime Data...
         Starting Create Volatile Files and Directories...
[[0;32m  OK  [0m] Started Create Volatile Files and Directories.
         Starting Update UTMP about System Boot/Shutdown...
[[0;32m  OK  [0m] Started Tell Plymouth To Write Out Runtime Data.
[[0;32m  OK  [0m] Started Update UTMP about System Boot/Shutdown.
[[0;32m  OK  [0m] Started udev Kernel Device Manager.
[[0;32m  OK  [0m] Started Dispatch Password Requests to Console Directory Watch.
[[0;32m  OK  [0m] Found device /dev/ttyS0.
[[0;32m  OK  [0m] Started Set console font and keymap.
[[0;32m  OK  [0m] Listening on Load/Save RF Kill Switch Status /dev/rfkill Watch.
[[0;32m  OK  [0m] Created slice system-getty.slice.
[[0;32m  OK  [0m] Found device 82540EM Gigabit Ethern...r (PRO/1000 MT Desktop Adapter).
[[0;32m  OK  [0m] Found device 82540EM Gigabit Ethern...r (PRO/1000 MT Desktop Adapter).
[[0;32m  OK  [0m] Started LSB: AppArmor initialization.
[   20.061041] cloud-init[488]: Cloud-init v. 18.4-0ubuntu1~16.04.2 running 'init-local' at Sun, 06 Jan 2019 14:53:29 +0000. Up 19.28 seconds.
[[0;32m  OK  [0m] Started Initial cloud-init job (pre-networking).
[[0;32m  OK  [0m] Reached target Network (Pre).
[[0;32m  OK  [0m] Started ifup for enp0s8.
[[0;32m  OK  [0m] Started ifup for enp0s3.
         Starting Raise network interfaces...
[[0;32m  OK  [0m] Started Raise network interfaces.
         Starting Initial cloud-init job (metadata service crawler)...
[[0;32m  OK  [0m] Reached target Network.
[   21.419936] cloud-init[1077]: Cloud-init v. 18.4-0ubuntu1~16.04.2 running 'init' at Sun, 06 Jan 2019 14:53:30 +0000. Up 20.73 seconds.
[[   21.497471] cloud-init[1077]: [0;32m  OK  [0m] Started Initial cloud-init job (metadata service crawler).ci-info: ++++++++++++++++++++++++++++++++++++++Net device info+++++++++++++++++++++++++++++++++++++++
[   21.504933] cloud-init[1077]: ci-info: +--------+------+-----------------------------+---------------+--------+-------------------+
[   21.505461] cloud-init[1077]: ci-info: | Device |  Up  |           Address           |      Mask     | Scope  |     Hw-Address    |
[   21.505978] cloud-init[1077]: ci-info: +--------+------+-----------------------------+---------------+--------+-------------------+
[   21.506469] cloud-init[1077]: ci-info: | enp0s3 | True |          10.0.2.15          | 255.255.255.0 | global | 02:aa:72:2e:71:d2 |
[   21.506905] cloud-init[1077]: ci-info: | enp0s3 | True |  fe80::aa:72ff:fe2e:71d2/64 |       .       |  link  | 02:aa:72:2e:71:d2 |
[   21.507169] cloud-init[1077]: ci-info: | enp0s8 | True |        192.168.83.137       | 255.255.255.0 | global | 08:00:27:3b:7c:5c |
[   21.507433] cloud-init[1077]: ci-info: | enp0s8 | True | fe80::a00:27ff:fe3b:7c5c/64 |       .       |  link  | 08:00:27:3b:7c:5c |
[   21.507697] cloud-init[1077]: ci-info: |   lo   | True |          127.0.0.1          |   255.0.0.0   |  host  |         .         |
[   21.507961] cloud-init[1077]: ci-info: |   lo   | True |           ::1/128           |       .       |  host  |         .         |

[   21.508415] cloud-init[1077]: ci-info: +--------+------+-----------------------------+---------------+--------+-------------------+
[   21.552855] cloud-init[1077]: ci-info: ++++++++++++++++++++++++++++Route IPv4 info++++++++++++++++++++++++++++
[[0;32m  OK  [0m] Reached target Network is Online.
[   21.555854] cloud-init[1077]: ci-info: +-------+--------------+----------+---------------+-----------+-------+
[   21.606627] cloud-init[1077]: ci-info: | Route | Destination  | Gateway  |    Genmask    | Interface | Flags |
[   21.606874] cloud-init[1077]: ci-info: +-------+--------------+----------+---------------+-----------+-------+
[   21.607092] cloud-init[1077]: ci-info: |   0   |   0.0.0.0    | 10.0.2.2 |    0.0.0.0    |   enp0s3  |   UG  |
[   21.607302] cloud-init[1077]: ci-info: |   1   |   10.0.2.0   | 0.0.0.0  | 255.255.255.0 |   enp0s3  |   U   |
[   21.607511] cloud-init[1077]: ci-info: |   2   | 192.168.83.0 | 0.0.0.0  | 255.255.255.0 |   enp0s8  |   U   |
[   21.607723] cloud-init[1077]: ci-info: +-------+--------------+----------+---------------+-----------+-------+
[   21.607934] cloud-init[1077]: ci-info: +++++++++++++++++++Route IPv6 info+++++++++++++++++++
[   21.611330] cloud-init[1077]: ci-info: +-------+-------------+---------+-----------+-------+
[   21.611695] cloud-init[1077]: ci-info: | Route | Destination | Gateway | Interface | Flags |
[   21.611925] cloud-init[1077]: ci-info: +-------+-------------+---------+-----------+-------+
[   21.612141] cloud-init[1077]: ci-info: |   0   |  fe80::/64  |    ::   |   enp0s8  |   U   |
         Starting iSCSI initiator daemon (iscsid)...
[[0;32m  OK  [0m] Reached target System Initialization.
[   21.617479] cloud-init[1077]: ci-info: |   1   |  fe80::/64  |    ::   |   enp0s3  |   U   |
[   21.649645] cloud-init[1077]: ci-info: |   4   |   ff00::/8  |    ::   |   enp0s8  |   U   |
[   21.650834] cloud-init[1077]: ci-info: |   5   |   ff00::/8  |    ::   |   enp0s3  |   U   |
[[0;32m  OK  [0m] Listening on ACPID Listen Socket.
         Starting LXD - unix socket.
         Starting Socket activation for snappy daemon.
[[0;32m  OK  [0m] Listening on D-Bus System Message Bus Socket.
[   21.656887] cloud-init[1077]: ci-info: +-------+-------------+---------+-----------+-------+
[[0;32m  OK  [0m] Started Daily apt download activities.
[[0;32m  OK  [0m] Started Daily apt upgrade and clean activities.
[[0;32m  OK  [0m] Started ACPI Events Check.
[[0;32m  OK  [0m] Reached target Paths.
[[0;32m  OK  [0m] Started Daily Cleanup of Temporary Directories.
[[0;32m  OK  [0m] Reached target Timers.
[[0;32m  OK  [0m] Listening on UUID daemon activation socket.
[[0;32m  OK  [0m] Reached target Cloud-config availability.
[[0;32m  OK  [0m] Listening on LXD - unix socket.
[[0;32m  OK  [0m] Listening on Socket activation for snappy daemon.
[[0;32m  OK  [0m] Started iSCSI initiator daemon (iscsid).
         Starting Login to default iSCSI targets...
[[0;32m  OK  [0m] Reached target Sockets.
[[0;32m  OK  [0m] Reached target Basic System.
[[0;32m  OK  [0m] Started Regular background program processing daemon.
         Starting LXD - container startup/shutdown...
[[0;32m  OK  [0m] Started ACPI event daemon.
         Starting Login Service...
         Starting LSB: Record successful boot for GRUB...
         Starting LSB: MD monitoring daemon...
         Starting Virtualbox guest utils...
[[0;32m  OK  [0m] Started Unattended Upgrades Shutdown.
[[0;32m  OK  [0m] Started FUSE filesystem for LXC.
         Starting Accounts Service...
         Starting System Logging Service...
         Starting OpenBSD Secure Shell server...
         Starting Snappy daemon...
[[0;32m  OK  [0m] Started Deferred execution scheduler.
         Starting /etc/rc.local Compatibility...
[[0;32m  OK  [0m] Started D-Bus System Message Bus.
[[0;32m  OK  [0m] Started System Logging Service.
[[0;32m  OK  [0m] Started /etc/rc.local Compatibility.
[[0;32m  OK  [0m] Started Login Service.
[[0;32m  OK  [0m] Started OpenBSD Secure Shell server.
[[0;32m  OK  [0m] Started Login to default iSCSI targets.
         Starting Authenticate and Authorize Users to Run Privileged Tasks...
[[0;32m  OK  [0m] Reached target Remote File Systems (Pre).
[[0;32m  OK  [0m] Reached target Remote File Systems.
         Starting LSB: daemon to balance interrupts for SMP systems...
         Starting LSB: Start and stop the mysql database server daemon...
         Starting LSB: Set the CPU Frequency Scaling governor to "ondemand"...
         Starting LSB: automatic crash report generation...
         Starting Permit User Sessions...
         Starting LSB: Apache2 web server...
[[0;32m  OK  [0m] Started LSB: MD monitoring daemon.
[[0;32m  OK  [0m] Started Permit User Sessions.
[[0;32m  OK  [0m] Started LSB: Set the CPU Frequency Scaling governor to "ondemand".
         Starting Terminate Plymouth Boot Screen...
         Starting Hold until boot process finishes up...
[[0;32m  OK  [0m] Started Hold until boot process finishes up.
[[0;32m  OK  [0m] Started Terminate Plymouth Boot Screen.
[[0;32m  OK  [0m] Started Getty on tty1.
         Starting Set console scheme...
[[0;32m  OK  [0m] Started Serial Getty on ttyS0.
[[0;32m  OK  [0m] Reached target Login Prompts.
[[0;32m  OK  [0m] Started LSB: daemon to balance interrupts for SMP systems.
[[0;32m  OK  [0m] Started Set console scheme.
[[0;32m  OK  [0m] Started Authenticate and Authorize Users to Run Privileged Tasks.
[[0;32m  OK  [0m] Started LSB: Record successful boot for GRUB.
[[0;32m  OK  [0m] Started Accounts Service.
[[0;32m  OK  [0m] Started LSB: automatic crash report generation.
[[0;32m  OK  [0m] Started Virtualbox guest utils.
[[0;32m  OK  [0m] Started LXD - container startup/shutdown.
[[0;32m  OK  [0m] Created slice User Slice of vagrant.
         Starting User Manager for UID 1000...
[[0;32m  OK  [0m] Started Session 1 of user vagrant.
[[0;32m  OK  [0m] Started Snappy daemon.
         Starting Wait until snapd is fully seeded...
[[0;32m  OK  [0m] Started User Manager for UID 1000.
[[0;32m  OK  [0m] Started Wait until snapd is fully seeded.
         Starting Apply the settings specified in cloud-config...
[   28.483933] cloud-init[1388]: Cloud-init v. 18.4-0ubuntu1~16.04.2 running 'modules:config' at Sun, 06 Jan 2019 14:53:38 +0000. Up 27.97 seconds.
[[0;32m  OK  [0m] Started Apply the settings specified in cloud-config.

Ubuntu 16.04.5 LTS kouosl ttyS0

kouosl login: [   35.050450] cloud-init[2019]: Cloud-init v. 18.4-0ubuntu1~16.04.2 running 'modules:final' at Sun, 06 Jan 2019 14:53:45 +0000. Up 34.88 seconds.
[   35.050933] cloud-init[2019]: Cloud-init v. 18.4-0ubuntu1~16.04.2 finished at Sun, 06 Jan 2019 14:53:45 +0000. Datasource DataSourceNoCloud [seed=/dev/sdb][dsmode=net].  Up 35.04 seconds
